2026-06-09 03:20:59.984 +03:00 [INF] Executed DbCommand (10ms) [Parameters=[], CommandType='"Text"', CommandTimeout='30']
SELECT "MigrationId", "ProductVersion"
FROM "__EFMigrationsHistory"
ORDER BY "MigrationId";
2026-06-09 03:21:00.109 +03:00 [INF] Executed DbCommand (3ms) [Parameters=[], CommandType='"Text"', CommandTimeout='30']
SELECT 1
2026-06-09 03:21:00.134 +03:00 [INF] Executed DbCommand (2ms) [Parameters=[], CommandType='"Text"', CommandTimeout='30']
CREATE TABLE IF NOT EXISTS "__EFMigrationsHistory" (
    "MigrationId" character varying(150) NOT NULL,
    "ProductVersion" character varying(32) NOT NULL,
    CONSTRAINT "PK___EFMigrationsHistory" PRIMARY KEY ("MigrationId")
);
2026-06-09 03:21:00.139 +03:00 [INF] Acquiring an exclusive lock for migration application. See https://aka.ms/efcore-docs-migrations-lock for more information if this takes too long.
2026-06-09 03:21:00.140 +03:00 [INF] Executed DbCommand (1ms) [Parameters=[], CommandType='"Text"', CommandTimeout='30']
LOCK TABLE "__EFMigrationsHistory" IN ACCESS EXCLUSIVE MODE
2026-06-09 03:21:00.141 +03:00 [INF] Executed DbCommand (1ms) [Parameters=[], CommandType='"Text"', CommandTimeout='30']
SELECT "MigrationId", "ProductVersion"
FROM "__EFMigrationsHistory"
ORDER BY "MigrationId";
2026-06-09 03:21:00.143 +03:00 [INF] No migrations were applied. The database is already up to date.
2026-06-09 03:21:00.222 +03:00 [INF] User profile is available. Using '/Users/cenapbayram/.aspnet/DataProtection-Keys' as key repository; keys will not be encrypted at rest.
2026-06-09 03:21:00.257 +03:00 [INF] Now listening on: http://localhost:5101
2026-06-09 03:21:00.258 +03:00 [INF] Application started. Press Ctrl+C to shut down.
2026-06-09 03:21:00.258 +03:00 [INF] Hosting environment: Development
2026-06-09 03:21:00.258 +03:00 [INF] Content root path: /Users/cenapbayram/Desktop/AutoTracker/backend/AutoTracker.Api
2026-06-09 03:23:24.512 +03:00 [INF] Request starting HTTP/1.1 GET http://localhost:5101/health - null null
2026-06-09 03:23:24.566 +03:00 [WRN] Failed to determine the https port for redirect.
2026-06-09 03:23:24.592 +03:00 [INF] Executing endpoint 'Health checks'
2026-06-09 03:23:24.596 +03:00 [INF] Executed endpoint 'Health checks'
2026-06-09 03:23:24.597 +03:00 [INF] HTTP GET /health responded 200 in 55.5265 ms
2026-06-09 03:23:24.599 +03:00 [INF] Request finished HTTP/1.1 GET http://localhost:5101/health - 200 null text/plain 88.917ms
2026-06-09 03:23:24.634 +03:00 [INF] Request starting HTTP/1.1 GET http://localhost:5101/favicon.ico - null null
2026-06-09 03:23:24.636 +03:00 [INF] HTTP GET /favicon.ico responded 404 in 1.4316 ms
2026-06-09 03:23:24.637 +03:00 [INF] Request finished HTTP/1.1 GET http://localhost:5101/favicon.ico - 404 0 null 3.1233ms
2026-06-09 03:23:24.637 +03:00 [INF] Request reached the end of the middleware pipeline without being handled by application code. Request path: GET http://localhost:5101/favicon.ico, Response status code: 404
2026-06-09 03:23:31.193 +03:00 [INF] Request starting HTTP/1.1 GET http://localhost:5101/swagger/index.html - null null
2026-06-09 03:23:31.251 +03:00 [INF] HTTP GET /swagger/index.html responded 304 in 50.2312 ms
2026-06-09 03:23:31.251 +03:00 [INF] Request finished HTTP/1.1 GET http://localhost:5101/swagger/index.html - 304 null null 58.9343ms
2026-06-09 03:23:31.275 +03:00 [INF] Request starting HTTP/1.1 GET http://localhost:5101/swagger/swagger-ui.css - null null
2026-06-09 03:23:31.276 +03:00 [INF] Request starting HTTP/1.1 GET http://localhost:5101/swagger/index.css - null null
2026-06-09 03:23:31.277 +03:00 [INF] Request starting HTTP/1.1 GET http://localhost:5101/swagger/swagger-ui-bundle.js - null null
2026-06-09 03:23:31.277 +03:00 [INF] Request starting HTTP/1.1 GET http://localhost:5101/swagger/index.js - null null
2026-06-09 03:23:31.277 +03:00 [INF] Request starting HTTP/1.1 GET http://localhost:5101/swagger/swagger-ui-standalone-preset.js - null null
2026-06-09 03:23:31.279 +03:00 [INF] HTTP GET /swagger/index.js responded 304 in 0.9465 ms
2026-06-09 03:23:31.280 +03:00 [INF] Request finished HTTP/1.1 GET http://localhost:5101/swagger/index.js - 304 null null 2.1505ms
2026-06-09 03:23:31.290 +03:00 [INF] HTTP GET /swagger/swagger-ui-standalone-preset.js responded 304 in 10.9599 ms
2026-06-09 03:23:31.290 +03:00 [INF] HTTP GET /swagger/index.css responded 304 in 12.6922 ms
2026-06-09 03:23:31.290 +03:00 [INF] HTTP GET /swagger/swagger-ui.css responded 304 in 13.4313 ms
2026-06-09 03:23:31.290 +03:00 [INF] Request finished HTTP/1.1 GET http://localhost:5101/swagger/swagger-ui-standalone-preset.js - 304 null null 12.3693ms
2026-06-09 03:23:31.290 +03:00 [INF] Request finished HTTP/1.1 GET http://localhost:5101/swagger/index.css - 304 null null 13.454ms
2026-06-09 03:23:31.290 +03:00 [INF] Request finished HTTP/1.1 GET http://localhost:5101/swagger/swagger-ui.css - 304 null null 14.8246ms
2026-06-09 03:23:31.294 +03:00 [INF] HTTP GET /swagger/swagger-ui-bundle.js responded 304 in 16.0264 ms
2026-06-09 03:23:31.295 +03:00 [INF] Request finished HTTP/1.1 GET http://localhost:5101/swagger/swagger-ui-bundle.js - 304 null null 17.435ms
2026-06-09 03:23:31.410 +03:00 [INF] Request starting HTTP/1.1 GET http://localhost:5101/swagger/v1/swagger.json - null null
2026-06-09 03:23:31.412 +03:00 [INF] Request starting HTTP/1.1 GET http://localhost:5101/swagger/favicon-32x32.png - null null
2026-06-09 03:23:31.413 +03:00 [INF] HTTP GET /swagger/favicon-32x32.png responded 304 in 0.3051 ms
2026-06-09 03:23:31.413 +03:00 [INF] Request finished HTTP/1.1 GET http://localhost:5101/swagger/favicon-32x32.png - 304 null null 1.2513ms
2026-06-09 03:23:31.538 +03:00 [INF] HTTP GET /swagger/v1/swagger.json responded 200 in 127.9397 ms
2026-06-09 03:23:31.539 +03:00 [INF] Request finished HTTP/1.1 GET http://localhost:5101/swagger/v1/swagger.json - 200 null application/json;charset=utf-8 128.9936ms
